// Jest Snapshot v1, https://goo.gl/fbAQLP

exports[`<Form /> rendering follows the snapshot 1`] = `
<form>
  <div>
    <label>
      <input
        className="URL"
        onChange={[Function]}
        type="text"
      />
    </label>
  </div>
  <div
    className="methodsDIV"
  >
    <label
      className="methods"
    >
      GET
      <input
        className="GET"
        name="methods"
        onChange={[Function]}
        type="radio"
        value="GET"
      />
    </label>
    <label
      className="methods"
    >
      POST
      <input
        className="POST"
        name="methods"
        onChange={[Function]}
        type="radio"
        value="POST"
      />
    </label>
    <label
      className="methods"
    >
      PUT
      <input
        className="PUT"
        name="methods"
        onChange={[Function]}
        type="radio"
        value="PUT"
      />
    </label>
    <label
      className="methods"
    >
      PATCH
      <input
        className="PATCH"
        name="methods"
        onChange={[Function]}
        type="radio"
        value="PATCH"
      />
    </label>
    <label
      className="methods"
    >
      DELETE
      <input
        className="DELETE"
        name="methods"
        onChange={[Function]}
        type="radio"
        value="DELETE"
      />
    </label>
    <button
      onClick={[Function]}
    >
      Go!
    </button>
  </div>
</form>
`;
